<frozen importlib._bootstrap>:491: RuntimeWarning: Your system is neon capable but pygame was not built with support for it. The performance of some of your blits could be adversely affected. Consider enabling compile time detection with environment variables like PYGAME_DETECT_AVX2=1 if you are compiling without cross compilation.
pygame 2.6.1 (SDL 2.32.10, Python 3.14.4)
Hello from the pygame community. https://www.pygame.org/contribute.html
2026-09-10 19:36:55 INFO [MainThread] __main__: Slideshow started
2026-09-10 19:36:55 DEBUG [MainThread] PIL.Image: Importing PngImagePlugin
2026-09-10 19:36:55 DEBUG [MainThread] PIL.PngImagePlugin: STREAM b'IHDR' 16 13
2026-09-10 19:36:55 DEBUG [MainThread] PIL.PngImagePlugin: STREAM b'caBX' 41 29083
2026-09-10 19:36:55 DEBUG [MainThread] PIL.PngImagePlugin: b'caBX' 41 29083 (unknown)
2026-09-10 19:36:55 DEBUG [MainThread] PIL.PngImagePlugin: STREAM b'IDAT' 29136 65536
2026-09-10 19:36:55 DEBUG [MainThread] __main__: Displayed photo: Copy of 32058DCF-882E-4166-B7E6-A5174BAA8627.png
2026-09-10 19:37:00 DEBUG [MainThread] PIL.TiffImagePlugin: tag: Make (271) - type: string (2) Tag Location: 22 - Data Location: 134 - value: b'Apple\x00'
2026-09-10 19:37:00 DEBUG [MainThread] PIL.TiffImagePlugin: tag: Model (272) - type: string (2) Tag Location: 34 - Data Location: 140 - value: b'iPhone 16e\x00'
2026-09-10 19:37:00 DEBUG [MainThread] PIL.TiffImagePlugin: tag: Orientation (274) - type: short (3) - value: b'\x00\x01'
2026-09-10 19:37:00 DEBUG [MainThread] PIL.TiffImagePlugin: tag: XResolution (282) - type: rational (5) Tag Location: 58 - Data Location: 152 - value: b'\x00\x00\x00H\x00\x00\x00\x01'
2026-09-10 19:37:00 DEBUG [MainThread] PIL.TiffImagePlugin: tag: YResolution (283) - type: rational (5) Tag Location: 70 - Data Location: 160 - value: b'\x00\x00\x00H\x00\x00\x00\x01'
2026-09-10 19:37:00 DEBUG [MainThread] PIL.TiffImagePlugin: tag: ResolutionUnit (296) - type: short (3) - value: b'\x00\x02'
2026-09-10 19:37:00 DEBUG [MainThread] PIL.TiffImagePlugin: tag: Software (305) - type: string (2) Tag Location: 94 - Data Location: 168 - value: b'26.6\x00'
2026-09-10 19:37:00 DEBUG [MainThread] PIL.TiffImagePlugin: tag: DateTime (306) - type: string (2) Tag Location: 106 - Data Location: 174 - value: b'2026:07:31 15:24:11\x00'
2026-09-10 19:37:00 DEBUG [MainThread] PIL.TiffImagePlugin: tag: HostComputer (316) - type: string (2) Tag Location: 118 - Data Location: 194 - value: b'iPhone 16e\x00'
2026-09-10 19:37:00 DEBUG [MainThread] PIL.TiffImagePlugin: tag: ExifIFD (34665) - type: long (4) - value: b'\x00\x00\x00\xce'
2026-09-10 19:37:08 DEBUG [MainThread] __main__: Displayed photo: IMG_2039.HEIC
2026-09-10 19:37:11 INFO [MainThread] __main__: Slideshow stopped
